
Discarded input sections

 .data          0x00000000        0x0 build/obj/crt0_v7m.o
 .bss           0x00000000        0x0 build/obj/crt0_v7m.o
 .data          0x00000000        0x0 build/obj/chcoreasm_v7m.o
 .bss           0x00000000        0x0 build/obj/chcoreasm_v7m.o
 .text          0x00000000        0x0 build/obj/crt1.o (symbol from plugin)
 .text          0x00000000        0x0 C:\Users\SANDEE~1\AppData\Local\Temp\cczPs227.ltrans0.ltrans.o
 .data          0x00000000        0x0 C:\Users\SANDEE~1\AppData\Local\Temp\cczPs227.ltrans0.ltrans.o
 .bss           0x00000000        0x0 C:\Users\SANDEE~1\AppData\Local\Temp\cczPs227.ltrans0.ltrans.o
 .text          0x00000000        0x0 C:\Users\SANDEE~1\AppData\Local\Temp\cczPs227.ltrans1.ltrans.o
 .data          0x00000000        0x0 C:\Users\SANDEE~1\AppData\Local\Temp\cczPs227.ltrans1.ltrans.o
 .bss           0x00000000        0x0 C:\Users\SANDEE~1\AppData\Local\Temp\cczPs227.ltrans1.ltrans.o
 .text          0x00000000        0x0 C:\Users\SANDEE~1\AppData\Local\Temp\cczPs227.ltrans2.ltrans.o
 .data          0x00000000        0x0 C:\Users\SANDEE~1\AppData\Local\Temp\cczPs227.ltrans2.ltrans.o
 .bss           0x00000000        0x0 C:\Users\SANDEE~1\AppData\Local\Temp\cczPs227.ltrans2.ltrans.o
 .text          0x00000000        0x0 C:\Users\SANDEE~1\AppData\Local\Temp\cczPs227.ltrans3.ltrans.o
 .data          0x00000000        0x0 C:\Users\SANDEE~1\AppData\Local\Temp\cczPs227.ltrans3.ltrans.o
 .bss           0x00000000        0x0 C:\Users\SANDEE~1\AppData\Local\Temp\cczPs227.ltrans3.ltrans.o
 .text          0x00000000        0x0 C:\Users\SANDEE~1\AppData\Local\Temp\cczPs227.ltrans4.ltrans.o
 .data          0x00000000        0x0 C:\Users\SANDEE~1\AppData\Local\Temp\cczPs227.ltrans4.ltrans.o
 .bss           0x00000000        0x0 C:\Users\SANDEE~1\AppData\Local\Temp\cczPs227.ltrans4.ltrans.o
 .text          0x00000000        0x0 build/obj/vectors.o (symbol from plugin)
 .text          0x00000000        0x0 build/obj/chsys.o (symbol from plugin)
 .text          0x00000000        0x0 build/obj/chdebug.o (symbol from plugin)
 .text          0x00000000        0x0 build/obj/chvt.o (symbol from plugin)
 .text          0x00000000        0x0 build/obj/chschd.o (symbol from plugin)
 .text          0x00000000        0x0 build/obj/chthreads.o (symbol from plugin)
 .text          0x00000000        0x0 build/obj/chtm.o (symbol from plugin)
 .text          0x00000000        0x0 build/obj/chdynamic.o (symbol from plugin)
 .text          0x00000000        0x0 build/obj/chregistry.o (symbol from plugin)
 .text          0x00000000        0x0 build/obj/chsem.o (symbol from plugin)
 .text          0x00000000        0x0 build/obj/chmtx.o (symbol from plugin)
 .text          0x00000000        0x0 build/obj/chcond.o (symbol from plugin)
 .text          0x00000000        0x0 build/obj/chevents.o (symbol from plugin)
 .text          0x00000000        0x0 build/obj/chmsg.o (symbol from plugin)
 .text          0x00000000        0x0 build/obj/chmboxes.o (symbol from plugin)
 .text          0x00000000        0x0 build/obj/chqueues.o (symbol from plugin)
 .text          0x00000000        0x0 build/obj/chmemcore.o (symbol from plugin)
 .text          0x00000000        0x0 build/obj/chheap.o (symbol from plugin)
 .text          0x00000000        0x0 build/obj/chmempools.o (symbol from plugin)
 .text          0x00000000        0x0 build/obj/chcore.o (symbol from plugin)
 .text          0x00000000        0x0 build/obj/chcore_v7m.o (symbol from plugin)
 .text          0x00000000        0x0 build/obj/osal.o (symbol from plugin)
 .text          0x00000000        0x0 build/obj/hal.o (symbol from plugin)
 .text          0x00000000        0x0 build/obj/st.o (symbol from plugin)
 .text          0x00000000        0x0 build/obj/hal_buffers.o (symbol from plugin)
 .text          0x00000000        0x0 build/obj/hal_queues.o (symbol from plugin)
 .text          0x00000000        0x0 build/obj/hal_mmcsd.o (symbol from plugin)
 .text          0x00000000        0x0 build/obj/i2c.o (symbol from plugin)
 .text          0x00000000        0x0 build/obj/pal.o (symbol from plugin)
 .text          0x00000000        0x0 build/obj/serial.o (symbol from plugin)
 .text          0x00000000        0x0 build/obj/serial_usb.o (symbol from plugin)
 .text          0x00000000        0x0 build/obj/spi.o (symbol from plugin)
 .text          0x00000000        0x0 build/obj/usb.o (symbol from plugin)
 .text          0x00000000        0x0 build/obj/nvic.o (symbol from plugin)
 .text          0x00000000        0x0 build/obj/hal_lld.o (symbol from plugin)
 .text          0x00000000        0x0 build/obj/stm32_dma.o (symbol from plugin)
 .text          0x00000000        0x0 build/obj/st_lld.o (symbol from plugin)
 .text          0x00000000        0x0 build/obj/pal_lld.o (symbol from plugin)
 .text          0x00000000        0x0 build/obj/i2c_lld.o (symbol from plugin)
[...]
Memory Configuration

Name             Origin             Length             Attributes
flash            0x08000000         0x00040000
ram0             0x20000000         0x00010000
ram1             0x00000000         0x00000000
ram2             0x00000000         0x00000000
ram3             0x00000000         0x00000000
ram4             0x00000000         0x00000000
ram5             0x00000000         0x00000000
ram6             0x00000000         0x00000000
ram7             0x00000000         0x00000000
*default*        0x00000000         0xffffffff

Linker script and memory map

LOAD build/obj/crt0_v7m.o
LOAD build/obj/chcoreasm_v7m.o
LOAD build/obj/crt1.o
LOAD C:\Users\SANDEE~1\AppData\Local\Temp\cczPs227.ltrans0.ltrans.o
LOAD C:\Users\SANDEE~1\AppData\Local\Temp\cczPs227.ltrans1.ltrans.o
LOAD C:\Users\SANDEE~1\AppData\Local\Temp\cczPs227.ltrans2.ltrans.o
LOAD C:\Users\SANDEE~1\AppData\Local\Temp\cczPs227.ltrans3.ltrans.o
LOAD C:\Users\SANDEE~1\AppData\Local\Temp\cczPs227.ltrans4.ltrans.o
LOAD build/obj/vectors.o
LOAD build/obj/chsys.o
LOAD build/obj/chdebug.o
LOAD build/obj/chvt.o
LOAD build/obj/chschd.o
LOAD build/obj/chthreads.o
LOAD build/obj/chtm.o
LOAD build/obj/chdynamic.o
LOAD build/obj/chregistry.o
LOAD build/obj/chsem.o
LOAD build/obj/chmtx.o
LOAD build/obj/chcond.o
LOAD build/obj/chevents.o
LOAD build/obj/chmsg.o
LOAD build/obj/chmboxes.o
LOAD build/obj/chqueues.o
LOAD build/obj/chmemcore.o
LOAD build/obj/chheap.o
LOAD build/obj/chmempools.o
LOAD build/obj/chcore.o
LOAD build/obj/chcore_v7m.o
LOAD build/obj/osal.o
LOAD build/obj/hal.o
LOAD build/obj/st.o
LOAD build/obj/hal_buffers.o
LOAD build/obj/hal_queues.o
LOAD build/obj/hal_mmcsd.o
LOAD build/obj/i2c.o
LOAD build/obj/pal.o
LOAD build/obj/serial.o
LOAD build/obj/serial_usb.o
LOAD build/obj/spi.o
LOAD build/obj/usb.o
LOAD build/obj/nvic.o
LOAD build/obj/hal_lld.o
LOAD build/obj/stm32_dma.o
LOAD build/obj/st_lld.o
LOAD build/obj/pal_lld.o
LOAD build/obj/i2c_lld.o
LOAD build/obj/usb_lld.o
LOAD build/obj/spi_lld.o
LOAD build/obj/serial_lld.o
LOAD build/obj/board.o
LOAD build/obj/test.o
LOAD build/obj/testthd.o
LOAD build/obj/testsem.o
LOAD build/obj/testmtx.o
LOAD build/obj/testmsg.o
LOAD build/obj/testmbox.o
LOAD build/obj/testevt.o
LOAD build/obj/testheap.o
LOAD build/obj/testpools.o
LOAD build/obj/testdyn.o
LOAD build/obj/testqueues.o
LOAD build/obj/testsys.o
LOAD build/obj/testbmk.o
LOAD build/obj/usbcfg.o
LOAD build/obj/memstreams.o
LOAD build/obj/chprintf.o
LOAD build/obj/magnet.o
LOAD build/obj/stm32Gyro.o
LOAD build/obj/main.o
                0x20000000                __ram0_start__ = ORIGIN (ram0)
                0x00010000                __ram0_size__ = LENGTH (ram0)
                0x20010000                __ram0_end__ = (__ram0_start__ + __ram0_size__)
                0x00000000                __ram1_start__ = ORIGIN (ram1)
                0x00000000                __ram1_size__ = LENGTH (ram1)
                0x00000000                __ram1_end__ = (__ram1_start__ + __ram1_size__)
                0x00000000                __ram2_start__ = ORIGIN (ram2)
                0x00000000                __ram2_size__ = LENGTH (ram2)
                0x00000000                __ram2_end__ = (__ram2_start__ + __ram2_size__)
                0x00000000                __ram3_start__ = ORIGIN (ram3)
                0x00000000                __ram3_size__ = LENGTH (ram3)
                0x00000000                __ram3_end__ = (__ram3_start__ + __ram3_size__)
                0x00000000                __ram4_start__ = ORIGIN (ram4)
                0x00000000                __ram4_size__ = LENGTH (ram4)
                0x00000000                __ram4_end__ = (__ram4_start__ + __ram4_size__)
                0x00000000                __ram5_start__ = ORIGIN (ram5)
                0x00000000                __ram5_size__ = LENGTH (ram5)
                0x00000000                __ram5_end__ = (__ram5_start__ + __ram5_size__)
                0x00000000                __ram6_start__ = ORIGIN (ram6)
                0x00000000                __ram6_size__ = LENGTH (ram6)
                0x00000000                __ram6_end__ = (__ram6_start__ + __ram6_size__)
                0x00000000                __ram7_start__ = ORIGIN (ram7)
                0x00000000                __ram7_size__ = LENGTH (ram7)
                0x00000000                __ram7_end__ = (__ram7_start__ + __ram7_size__)
                0x00000000                . = 0x0
                0x00000000                _text = .

startup         0x08000000      0x1c0
 *(.vectors)
 .vectors       0x08000000      0x1c0 C:\Users\SANDEE~1\AppData\Local\Temp\cczPs227.ltrans1.ltrans.o
                0x08000000                _vectors

constructors    0x080001c0        0x0
                0x080001c0                __init_array_start = .
 *(SORT(.init_array.*))
 *(.init_array)
                0x080001c0                __init_array_end = .

destructors     0x080001c0        0x0
                0x080001c0                __fini_array_start = .
 *(.fini_array)
 *(SORT(.fini_array.*))
                0x080001c0                __fini_array_end = .

.text           0x080001c0     0x3790
 *(.text)
 .text          0x080001c0      0x108 build/obj/crt0_v7m.o
                0x080001c0                Reset_Handler
 *fill*         0x080002c8        0x8 
 .text          0x080002d0       0x30 build/obj/chcoreasm_v7m.o
                0x080002d0                _port_switch
                0x080002e8                _port_thread_start
                0x080002f8                _port_switch_from_isr
                0x080002fc                _port_exit_from_isr
 *(.text.*)
 .text.SVC_Handler
                0x08000300       0x2c C:\Users\SANDEE~1\AppData\Local\Temp\cczPs227.ltrans0.ltrans.o
                0x08000300                SVC_Handler
 *fill*         0x0800032c        0x4 
 .text.chCoreAlloc
                0x08000330       0x38 C:\Users\SANDEE~1\AppData\Local\Temp\cczPs227.ltrans0.ltrans.o
                0x08000330                chCoreAlloc
 *fill*         0x08000368        0x8 
 .text.wakeup.lto_priv.62
                0x08000370       0x6c C:\Users\SANDEE~1\AppData\Local\Temp\cczPs227.ltrans0.ltrans.o
                0x08000370                wakeup.lto_priv.62
 *fill*         0x080003dc        0x4 
 .text._idle_thread.lto_priv.64
                0x080003e0        0x4 C:\Users\SANDEE~1\AppData\Local\Temp\cczPs227.ltrans0.ltrans.o
                0x080003e0                _idle_thread.lto_priv.64
 *fill*         0x080003e4        0xc 
 .text._usb_ep0out
                0x080003f0       0x94 C:\Users\SANDEE~1\AppData\Local\Temp\cczPs227.ltrans0.ltrans.o
                0x080003f0                _usb_ep0out
 *fill*         0x08000484        0xc 
 .text._usb_ep0in
                0x08000490       0xcc C:\Users\SANDEE~1\AppData\Local\Temp\cczPs227.ltrans0.ltrans.o
                0x08000490                _usb_ep0in
 *fill*         0x0800055c        0x4 
 .text._usb_ep0setup
                0x08000560      0x3dc C:\Users\SANDEE~1\AppData\Local\Temp\cczPs227.ltrans0.ltrans.o
                0x08000560                _usb_ep0setup
 *fill*         0x0800093c        0x4 
 .text.dmaStreamRelease
                0x08000940       0x60 C:\Users\SANDEE~1\AppData\Local\Temp\cczPs227.ltrans0.ltrans.o
                0x08000940                dmaStreamRelease
 .text.dmaStreamAllocate
                0x080009a0       0xb4 C:\Users\SANDEE~1\AppData\Local\Temp\cczPs227.ltrans0.ltrans.o
                0x080009a0                dmaStreamAllocate
 *fill*         0x08000a54        0xc 
 .text._port_irq_epilogue
                0x08000a60       0x6c C:\Users\SANDEE~1\AppData\Local\Temp\cczPs227.ltrans0.ltrans.o
                0x08000a60                _port_irq_epilogue
 *fill*         0x08000acc        0x4 
 .text.VectorB0
                0x08000ad0       0x94 C:\Users\SANDEE~1\AppData\Local\Temp\cczPs227.ltrans0.ltrans.o
                0x08000ad0                VectorB0
 *fill*         0x08000b64        0xc 
 .text.Vector158
                0x08000b70       0x2c C:\Users\SANDEE~1\AppData\Local\Temp\cczPs227.ltrans0.ltrans.o
                0x08000b70                Vector158
 *fill*         0x08000b9c        0x4 
 .text.Vector154
                0x08000ba0       0x2c C:\Users\SANDEE~1\AppData\Local\Temp\cczPs227.ltrans0.ltrans.o
                0x08000ba0                Vector154
 *fill*         0x08000bcc        0x4 
 .text.Vector150
                0x08000bd0       0x2c C:\Users\SANDEE~1\AppData\Local\Temp\cczPs227.ltrans0.ltrans.o
                0x08000bd0                Vector150
 *fill*         0x08000bfc        0x4 
 .text.Vector130
                0x08000c00       0x28 C:\Users\SANDEE~1\AppData\Local\Temp\cczPs227.ltrans0.ltrans.o
                0x08000c00                Vector130
 *fill*         0x08000c28        0x8 
 .text.Vector12C
                0x08000c30       0x2c C:\Users\SANDEE~1\AppData\Local\Temp\cczPs227.ltrans0.ltrans.o
                0x08000c30                Vector12C
 *fill*         0x08000c5c        0x4 
 .text.Vector128
                0x08000c60       0x2c C:\Users\SANDEE~1\AppData\Local\Temp\cczPs227.ltrans0.ltrans.o
                0x08000c60                Vector128
 *fill*         0x08000c8c        0x4 
 .text.Vector124
                0x08000c90       0x2c C:\Users\SANDEE~1\AppData\Local\Temp\cczPs227.ltrans0.ltrans.o
                0x08000c90                Vector124
 *fill*         0x08000cbc        0x4 
 .text.Vector120
                0x08000cc0       0x28 C:\Users\SANDEE~1\AppData\Local\Temp\cczPs227.ltrans0.ltrans.o
                0x08000cc0                Vector120
 *fill*         0x08000ce8        0x8 
 .text.VectorFC
                0x08000cf0       0x2c C:\Users\SANDEE~1\AppData\Local\Temp\cczPs227.ltrans0.ltrans.o
                0x08000cf0                VectorFC
 *fill*         0x08000d1c        0x4 
 .text.Vector84
                0x08000d20       0x2c C:\Users\SANDEE~1\AppData\Local\Temp\cczPs227.ltrans0.ltrans.o
                0x08000d20                Vector84
 *fill*         0x08000d4c        0x4 
 .text.Vector80
                0x08000d50       0x2c C:\Users\SANDEE~1\AppData\Local\Temp\cczPs227.ltrans0.ltrans.o
                0x08000d50                Vector80
 *fill*         0x08000d7c        0x4 
 .text.Vector7C
                0x08000d80       0x28 C:\Users\SANDEE~1\AppData\Local\Temp\cczPs227.ltrans0.ltrans.o
                0x08000d80                Vector7C
 *fill*         0x08000da8        0x8 
 .text.Vector78
                0x08000db0       0x2c C:\Users\SANDEE~1\AppData\Local\Temp\cczPs227.ltrans0.ltrans.o
                0x08000db0                Vector78
 *fill*         0x08000ddc        0x4 
 .text.Vector74
                0x08000de0       0x2c C:\Users\SANDEE~1\AppData\Local\Temp\cczPs227.ltrans0.ltrans.o
                0x08000de0                Vector74
 *fill*         0x08000e0c        0x4 
 .text.Vector70
                0x08000e10       0x2c C:\Users\SANDEE~1\AppData\Local\Temp\cczPs227.ltrans0.ltrans.o
                0x08000e10                Vector70
 *fill*         0x08000e3c        0x4 
 .text.Vector6C
                0x08000e40       0x28 C:\Users\SANDEE~1\AppData\Local\Temp\cczPs227.ltrans0.ltrans.o
                0x08000e40                Vector6C
 *fill*         0x08000e68        0x8 
 .text.chTMStopMeasurementX
                0x08000e70       0x44 C:\Users\SANDEE~1\AppData\Local\Temp\cczPs227.ltrans0.ltrans.o
                0x08000e70                chTMStopMeasurementX
 *fill*         0x08000eb4        0xc 
 .text.chSchDoReschedule
                0x08000ec0       0x3c C:\Users\SANDEE~1\AppData\Local\Temp\cczPs227.ltrans0.ltrans.o
                0x08000ec0                chSchDoReschedule
 *fill*         0x08000efc        0x4 
 .text.chSchGoSleepS
                0x08000f00       0x24 C:\Users\SANDEE~1\AppData\Local\Temp\cczPs227.ltrans0.ltrans.o
                0x08000f00                chSchGoSleepS
 *fill*         0x08000f24        0xc 
 .text.chSchGoSleepTimeoutS
                0x08000f30      0x114 C:\Users\SANDEE~1\AppData\Local\Temp\cczPs227.ltrans0.ltrans.o
                0x08000f30                chSchGoSleepTimeoutS
 *fill*         0x08001044        0xc 
 .text.chThdEnqueueTimeoutS
                0x08001050       0x28 C:\Users\SANDEE~1\AppData\Local\Temp\cczPs227.ltrans0.ltrans.o
 *fill*         0x08001078        0x8 
 .text.chOQWriteTimeout
                0x08001080       0x88 C:\Users\SANDEE~1\AppData\Local\Temp\cczPs227.ltrans0.ltrans.o
 *fill*         0x08001108        0x8 
 .text.writet.lto_priv.72
                0x08001110        0x8 C:\Users\SANDEE~1\AppData\Local\Temp\cczPs227.ltrans0.ltrans.o
                0x08001110                writet.lto_priv.72
 *fill*         0x08001118        0x8 
 .text.write.lto_priv.66
                0x08001120        0xc C:\Users\SANDEE~1\AppData\Local\Temp\cczPs227.ltrans0.ltrans.o
                0x08001120                write.lto_priv.66
 *fill*         0x0800112c        0x4 
 .text.chOQPutTimeout
                0x08001130       0x54 C:\Users\SANDEE~1\AppData\Local\Temp\cczPs227.ltrans0.ltrans.o
 *fill*         0x08001184        0xc 
 .text.putt.lto_priv.70
                0x08001190        0x8 C:\Users\SANDEE~1\AppData\Local\Temp\cczPs227.ltrans0.ltrans.o
                0x08001190                putt.lto_priv.70
 *fill*         0x08001198        0x8 
 .text.put.lto_priv.68
                0x080011a0        0xc C:\Users\SANDEE~1\AppData\Local\Temp\cczPs227.ltrans0.ltrans.o
                0x080011a0                put.lto_priv.68
 *fill*         0x080011ac        0x4 
 .text.chIQReadTimeout
                0x080011b0       0x78 C:\Users\SANDEE~1\AppData\Local\Temp\cczPs227.ltrans0.ltrans.o
 *fill*         0x08001228        0x8 
 .text.readt.lto_priv.73
                0x08001230        0x8 C:\Users\SANDEE~1\AppData\Local\Temp\cczPs227.ltrans0.ltrans.o
                0x08001230                readt.lto_priv.73
 *fill*         0x08001238        0x8 
 .text.read.lto_priv.67
                0x08001240        0xc C:\Users\SANDEE~1\AppData\Local\Temp\cczPs227.ltrans0.ltrans.o
                0x08001240                read.lto_priv.67
 *fill*         0x0800124c        0x4 
 .text.chIQGetTimeout
                0x08001250       0x50 C:\Users\SANDEE~1\AppData\Local\Temp\cczPs227.ltrans0.ltrans.o
 .text.gett.lto_priv.71
                0x080012a0        0x8 C:\Users\SANDEE~1\AppData\Local\Temp\cczPs227.ltrans0.ltrans.o
                0x080012a0                gett.lto_priv.71
 *fill*         0x080012a8        0x8 
 .text.get.lto_priv.69
                0x080012b0        0xc C:\Users\SANDEE~1\AppData\Local\Temp\cczPs227.ltrans0.ltrans.o
                0x080012b0                get.lto_priv.69
 *fill*         0x080012bc        0x4 
 .text.chThdSleep
                0x080012c0       0x18 C:\Users\SANDEE~1\AppData\Local\Temp\cczPs227.ltrans0.ltrans.o
                0x080012c0                chThdSleep
 *fill*         0x080012d8        0x8 
 .text.chSchReadyI
                0x080012e0       0x2c C:\Users\SANDEE~1\AppData\Local\Temp\cczPs227.ltrans0.ltrans.o
                0x080012e0                chSchReadyI
 *fill*         0x0800130c        0x4 
 .text.chThdResumeI
                0x08001310       0x14 C:\Users\SANDEE~1\AppData\Local\Temp\cczPs227.ltrans0.ltrans.o
                0x08001310                chThdResumeI
 *fill*         0x08001324        0xc 
 .text.chThdExit
                0x08001330       0x48 C:\Users\SANDEE~1\AppData\Local\Temp\cczPs227.ltrans0.ltrans.o
                0x08001330                chThdExit
 *fill*         0x08001378        0x8 
 .text._unhandled_exception
                0x08001380        0x4 C:\Users\SANDEE~1\AppData\Local\Temp\cczPs227.ltrans0.ltrans.o
                0x08001380                Vector58
                0x08001380                VectorE8
                0x08001380                Vector9C
                0x08001380                VectorAC
                0x08001380                DebugMon_Handler
                0x08001380                Vector1A0
                0x08001380                Vector5C
                0x08001380                Vector11C
                0x08001380                HardFault_Handler
                0x08001380                Vector1B8
                0x08001380                Vector19C
                0x08001380                Vector8C
                0x08001380                SysTick_Handler
                0x08001380                VectorDC
                0x08001380                PendSV_Handler
                0x08001380                Vector168
                0x08001380                NMI_Handler
                0x08001380                Vector110
                0x08001380                VectorC8
                0x08001380                Vector94
                0x08001380                VectorA8
                0x08001380                VectorB4
                0x08001380                Vector160
                0x08001380                Vector1B0
                0x08001380                UsageFault_Handler
                0x08001380                VectorEC
                0x08001380                Vector40
                0x08001380                VectorF8
                0x08001380                Vector108
                0x08001380                Vector190
                0x08001380                Vector148
                0x08001380                Vector188
                0x08001380                Vector198
                0x08001380                Vector118
                0x08001380                Vector64
                0x08001380                VectorCC
                0x08001380                Vector54
                0x08001380                Vector98
                0x08001380                Vector138
                0x08001380                Vector24
                0x08001380                Vector1AC
                0x08001380                Vector178
                0x08001380                Vector1A4
                0x08001380                VectorD0
                0x08001380                Vector1B4
                0x08001380                Vector140
                0x08001380                VectorE4
                0x08001380                Vector134
                0x08001380                VectorF0
                0x08001380                Vector13C
                0x08001380                Vector100
                0x08001380                VectorE0
                0x08001380                VectorF4
                0x08001380                MemManage_Handler
                0x08001380                VectorA0
                0x08001380                VectorC4
                0x08001380                Vector180
                0x08001380                Vector90
                0x08001380                Vector114
                0x08001380                Vector164
                0x08001380                Vector60
                0x08001380                Vector1C
                0x08001380                Vector1BC
                0x08001380                Vector17C
                0x08001380                Vector48
                0x08001380                Vector1A8
                0x08001380                Vector16C
                0x08001380                VectorD4
                0x08001380                Vector4C
                0x08001380                Vector144
                0x08001380                Vector15C
                0x08001380                Vector68
                0x08001380                _unhandled_exception
                0x08001380                Vector170
                0x08001380                Vector88
                0x08001380                Vector104
                0x08001380                Vector184
                0x08001380                Vector10C
                0x08001380                BusFault_Handler
                0x08001380                Vector50
                0x08001380                Vector194
                0x08001380                Vector44
                0x08001380                Vector28
                0x08001380                VectorB8
                0x08001380                Vector34
                0x08001380                VectorA4
                0x08001380                Vector20
                0x08001380                Vector18C
                0x08001380                Vector174
 *fill*         0x08001384        0xc 
 .text.__init_ram_areas
                0x08001390       0x64 C:\Users\SANDEE~1\AppData\Local\Temp\cczPs227.ltrans0.ltrans.o
                0x08001390                __init_ram_areas
 *fill*         0x080013f4        0xc 
 .text.__default_exit
                0x08001400        0x4 C:\Users\SANDEE~1\AppData\Local\Temp\cczPs227.ltrans0.ltrans.o
                0x08001400                __default_exit
 *fill*         0x08001404        0xc 
 .text.__late_init
                0x08001410        0x4 C:\Users\SANDEE~1\AppData\Local\Temp\cczPs227.ltrans0.ltrans.o
                0x08001410                __late_init
 *fill*         0x08001414        0xc 
 .text.__core_init
                0x08001420        0x4 C:\Users\SANDEE~1\AppData\Local\Temp\cczPs227.ltrans0.ltrans.o
                0x08001420                __core_init
 *fill*         0x08001424        0xc 
 .text.notify2.lto_priv.65
                0x08001430       0x10 C:\Users\SANDEE~1\AppData\Local\Temp\cczPs227.ltrans1.ltrans.o
                0x08001430                notify2.lto_priv.65
 .text.spi_lld_serve_tx_interrupt.lto_priv.76
                0x08001440       0x1c C:\Users\SANDEE~1\AppData\Local\Temp\cczPs227.ltrans1.ltrans.o
                0x08001440                spi_lld_serve_tx_interrupt.lto_priv.76
 *fill*         0x0800145c        0x4 
 .text.i2c_lld_serve_tx_end_irq.lto_priv.61
                0x08001460       0x40 C:\Users\SANDEE~1\AppData\Local\Temp\cczPs227.ltrans1.ltrans.o
                0x08001460                i2c_lld_serve_tx_end_irq.lto_priv.61
 .text.VectorD8
                0x080014a0      0x1b0 C:\Users\SANDEE~1\AppData\Local\Temp\cczPs227.ltrans1.ltrans.o
 .text.spi_lld_serve_rx_interrupt.lto_priv.75
                0x08001650       0x88 C:\Users\SANDEE~1\AppData\Local\Temp\cczPs227.ltrans1.ltrans.o
                0x08001650                spi_lld_serve_rx_interrupt.lto_priv.75
 *fill*         0x080016d8        0x8 
 .text.VectorC0
                0x080016e0       0xd8 C:\Users\SANDEE~1\AppData\Local\Temp\cczPs227.ltrans1.ltrans.o
 *fill*         0x080017b8        0x8 
 .text.VectorBC
                0x080017c0       0xf8 C:\Users\SANDEE~1\AppData\Local\Temp\cczPs227.ltrans1.ltrans.o
 *fill*         0x080018b8        0x8 
 .text.i2c_lld_serve_rx_end_irq.lto_priv.60
                0x080018c0       0x68 C:\Users\SANDEE~1\AppData\Local\Temp\cczPs227.ltrans1.ltrans.o
                0x080018c0                i2c_lld_serve_rx_end_irq.lto_priv.60
 *fill*         0x08001928        0x8 
 .text.Vector14C
                0x08001930      0x398 C:\Users\SANDEE~1\AppData\Local\Temp\cczPs227.ltrans1.ltrans.o
 *fill*         0x08001cc8        0x8 
 .text.chprintf
                0x08001cd0      0x3b8 C:\Users\SANDEE~1\AppData\Local\Temp\cczPs227.ltrans1.ltrans.o
                0x08001cd0                chprintf
 *fill*         0x08002088        0x8 
 .text.__early_init
                0x08002090       0xc0 C:\Users\SANDEE~1\AppData\Local\Temp\cczPs227.ltrans1.ltrans.o
                0x08002090                __early_init
 .text.usb_lld_start_in
                0x08002150       0xa8 C:\Users\SANDEE~1\AppData\Local\Temp\cczPs227.ltrans1.ltrans.o
                0x08002150                usb_lld_start_in
 *fill*         0x080021f8        0x8 
 .text.usb_lld_start_out
                0x08002200       0x80 C:\Users\SANDEE~1\AppData\Local\Temp\cczPs227.ltrans1.ltrans.o
                0x08002200                usb_lld_start_out
 .text.Thread1.lto_priv.63
                0x08002280      0x584 C:\Users\SANDEE~1\AppData\Local\Temp\cczPs227.ltrans2.ltrans.o
                0x08002280                Thread1.lto_priv.63
 *fill*         0x08002804        0xc 
 .text.chSchWakeupS.constprop.59
                0x08002810       0x58 C:\Users\SANDEE~1\AppData\Local\Temp\cczPs227.ltrans3.ltrans.o
                0x08002810                chSchWakeupS.constprop.59
 *fill*         0x08002868        0x8 
 .text.chTMStartMeasurementX.constprop.56
                0x08002870        0xc C:\Users\SANDEE~1\AppData\Local\Temp\cczPs227.ltrans3.ltrans.o
                0x08002870                chTMStartMeasurementX.constprop.56
 *fill*         0x0800287c        0x4 
 .text.chSysPolledDelayX.constprop.54
                0x08002880       0x14 C:\Users\SANDEE~1\AppData\Local\Temp\cczPs227.ltrans3.ltrans.o
                0x08002880                chSysPolledDelayX.constprop.54
 *fill*         0x08002894        0xc 
 .text.chEvtBroadcastFlagsI.constprop.50
                0x080028a0       0x64 C:\Users\SANDEE~1\AppData\Local\Temp\cczPs227.ltrans3.ltrans.o
                0x080028a0                chEvtBroadcastFlagsI.constprop.50
 *fill*         0x08002904        0xc 
 .text.i2c_lld_start.constprop.41
                0x08002910      0x174 C:\Users\SANDEE~1\AppData\Local\Temp\cczPs227.ltrans3.ltrans.o
                0x08002910                i2c_lld_start.constprop.41
 *fill*         0x08002a84        0xc 
 .text.i2c_lld_stop.constprop.38
                0x08002a90       0x90 C:\Users\SANDEE~1\AppData\Local\Temp\cczPs227.ltrans3.ltrans.o
                0x08002a90                i2c_lld_stop.constprop.38
 .text.i2cMasterTransmitTimeout.constprop.35
                0x08002b20       0xd8 C:\Users\SANDEE~1\AppData\Local\Temp\cczPs227.ltrans3.ltrans.o
                0x08002b20                i2cMasterTransmitTimeout.constprop.35
 *fill*         0x08002bf8        0x8 
 .text._pal_lld_setgroupmode.constprop.14
                0x08002c00       0x8c C:\Users\SANDEE~1\AppData\Local\Temp\cczPs227.ltrans3.ltrans.o
                0x08002c00                _pal_lld_setgroupmode.constprop.14
 *fill*         0x08002c8c        0x4 
 .text.otg_epout_handler.constprop.9
                0x08002c90       0xb0 C:\Users\SANDEE~1\AppData\Local\Temp\cczPs227.ltrans3.ltrans.o
                0x08002c90                otg_epout_handler.constprop.9
 .text.otg_epin_handler.constprop.8
                0x08002d40       0xb8 C:\Users\SANDEE~1\AppData\Local\Temp\cczPs227.ltrans3.ltrans.o
                0x08002d40                otg_epin_handler.constprop.8
 *fill*         0x08002df8        0x8 
 .text.lsm303dlhcReadRegister.constprop.4
                0x08002e00       0x20 C:\Users\SANDEE~1\AppData\Local\Temp\cczPs227.ltrans3.ltrans.o
                0x08002e00                lsm303dlhcReadRegister.constprop.4
 .text.l3gd20WriteRegister.part.0.constprop.2
                0x08002e20       0xb0 C:\Users\SANDEE~1\AppData\Local\Temp\cczPs227.ltrans3.ltrans.o
                0x08002e20                l3gd20WriteRegister.part.0.constprop.2
 .text.l3gd20ReadRegister.constprop.1
                0x08002ed0       0xc8 C:\Users\SANDEE~1\AppData\Local\Temp\cczPs227.ltrans3.ltrans.o
                0x08002ed0                l3gd20ReadRegister.constprop.1
 *fill*         0x08002f98        0x8 
 .text.startup.main
                0x08002fa0      0x67c C:\Users\SANDEE~1\AppData\Local\Temp\cczPs227.ltrans4.ltrans.o
                0x08002fa0                main
 *(.rodata)
 *(.rodata.*)
 *fill*         0x0800361c        0x4 
 .rodata.active_status
                0x08003620        0x2 C:\Users\SANDEE~1\AppData\Local\Temp\cczPs227.ltrans0.ltrans.o
 *fill*         0x08003622        0xe 
 .rodata.halted_status
                0x08003630        0x2 C:\Users\SANDEE~1\AppData\Local\Temp\cczPs227.ltrans0.ltrans.o
 *fill*         0x08003632        0xe 
 .rodata.ram_areas
                0x08003640       0x80 C:\Users\SANDEE~1\AppData\Local\Temp\cczPs227.ltrans0.ltrans.o
 .rodata.zero_status
                0x080036c0        0x2 C:\Users\SANDEE~1\AppData\Local\Temp\cczPs227.ltrans0.ltrans.o
 *fill*         0x080036c2        0xe 
 .rodata.chprintf.str1.4
                0x080036d0        0x7 C:\Users\SANDEE~1\AppData\Local\Temp\cczPs227.ltrans1.ltrans.o
 *fill*         0x080036d7        0x9 
 .rodata.ep0config
                0x080036e0       0x24 C:\Users\SANDEE~1\AppData\Local\Temp\cczPs227.ltrans1.ltrans.o
 *fill*         0x08003704        0xc 
 .rodata.spi_lld_serve_tx_interrupt.lto_priv.76.str1.4
                0x08003710        0xc C:\Users\SANDEE~1\AppData\Local\Temp\cczPs227.ltrans1.ltrans.o
 *fill*         0x0800371c        0x4 
 .rodata.Thread1.lto_priv.63.str1.4
                0x08003720       0xd1 C:\Users\SANDEE~1\AppData\Local\Temp\cczPs227.ltrans2.ltrans.o
 *fill*         0x080037f1        0xf 
 .rodata.axes   0x08003800        0x3 C:\Users\SANDEE~1\AppData\Local\Temp\cczPs227.ltrans2.ltrans.o
 *fill*         0x08003803        0xd 
 .rodata.i2c_cfg
                0x08003810        0xc C:\Users\SANDEE~1\AppData\Local\Temp\cczPs227.ltrans2.ltrans.o
 *fill*         0x0800381c        0x4 
 .rodata.spi_cfg
                0x08003820        0xc C:\Users\SANDEE~1\AppData\Local\Temp\cczPs227.ltrans2.ltrans.o
 *fill*         0x0800382c        0x4 
 .rodata._stm32_dma_streams
                0x08003830       0xc0 C:\Users\SANDEE~1\AppData\Local\Temp\cczPs227.ltrans4.ltrans.o
 .rodata.ch_debug
                0x080038f0       0x16 C:\Users\SANDEE~1\AppData\Local\Temp\cczPs227.ltrans4.ltrans.o
 *fill*         0x08003906        0xa 
 .rodata.fsparams
                0x08003910        0xc C:\Users\SANDEE~1\AppData\Local\Temp\cczPs227.ltrans4.ltrans.o
 *fill*         0x0800391c        0x4 
 .rodata.main.str1.4
                0x08003920        0x8 C:\Users\SANDEE~1\AppData\Local\Temp\cczPs227.ltrans4.ltrans.o
                                  0x5 (size before relaxing)
 *fill*         0x08003928        0x8 
 .rodata.vmt    0x08003930       0x20 C:\Users\SANDEE~1\AppData\Local\Temp\cczPs227.ltrans4.ltrans.o
 *(.glue_7t)
 .glue_7t       0x08003950        0x0 linker stubs
 *(.glue_7)
 .glue_7        0x08003950        0x0 linker stubs
 *(.gcc*)

.vfp11_veneer   0x08003950        0x0
 .vfp11_veneer  0x08003950        0x0 linker stubs

.v4_bx          0x08003950        0x0
 .v4_bx         0x08003950        0x0 linker stubs

.iplt           0x08003950        0x0
 .iplt          0x08003950        0x0 build/obj/crt0_v7m.o

.rel.dyn        0x08003950        0x0
 .rel.iplt      0x08003950        0x0 build/obj/crt0_v7m.o

.ARM.extab
 *(.ARM.extab* .gnu.linkonce.armextab.*)

.ARM.exidx      0x08003950        0x0
                0x08003950                __exidx_start = .
 *(.ARM.exidx* .gnu.linkonce.armexidx.*)
                0x08003950                __exidx_end = .

.eh_frame_hdr
 *(.eh_frame_hdr)

.eh_frame
 *(.eh_frame)

.textalign      0x08003950        0x0
                0x08003950                . = ALIGN (0x8)
                0x08003950                . = ALIGN (0x4)
                [!provide]                PROVIDE (_etext, .)

.mstack         0x20000000      0x400
                0x20000000                . = ALIGN (0x8)
                0x20000000                __main_stack_base__ = .
                0x20000400                . = (. + __main_stack_size__)
 *fill*         0x20000000      0x400 
                0x20000400                . = ALIGN (0x8)
                0x20000400                __main_stack_end__ = .

.pstack         0x20000400      0x400
                0x20000400                __process_stack_base__ = .
                0x20000400                __main_thread_stack_base__ = .
                0x20000800                . = (. + __process_stack_size__)
 *fill*         0x20000400      0x400 
                0x20000800                . = ALIGN (0x8)
                0x20000800                __process_stack_end__ = .
                0x20000800                __main_thread_stack_end__ = .

.data           0x20000800        0x0 load address 0x08003950
                0x20000800                . = ALIGN (0x4)
                [!provide]                PROVIDE (_textdata, LOADADDR (.data))
                [!provide]                PROVIDE (_data, .)
                0x08003950                _textdata_start = LOADADDR (.data)
                0x20000800                _data_start = .
 *(.data)
 *(.data.*)
 *(.ramtext)
                0x20000800                . = ALIGN (0x4)
                [!provide]                PROVIDE (_edata, .)
                0x20000800                _data_end = .

.igot.plt       0x20000800        0x0 load address 0x08003950
 .igot.plt      0x20000800        0x0 build/obj/crt0_v7m.o

.bss            0x20000800      0x9a8 load address 0x08003950
                0x20000800                . = ALIGN (0x4)
                0x20000800                _bss_start = .
 *(.bss)
 *(.bss.*)
 .bss.ep0_state
                0x20000800       0x10 C:\Users\SANDEE~1\AppData\Local\Temp\cczPs227.ltrans1.ltrans.o
 .bss.ep0setup_buffer
                0x20000810        0x8 C:\Users\SANDEE~1\AppData\Local\Temp\cczPs227.ltrans1.ltrans.o
 .bss.adata     0x20000818       0x1c C:\Users\SANDEE~1\AppData\Local\Temp\cczPs227.ltrans2.ltrans.o
 .bss.cdata     0x20000834       0x20 C:\Users\SANDEE~1\AppData\Local\Temp\cczPs227.ltrans2.ltrans.o
 .bss.gdata     0x20000854       0x1c C:\Users\SANDEE~1\AppData\Local\Temp\cczPs227.ltrans2.ltrans.o
 .bss.I2CD1     0x20000870       0x38 C:\Users\SANDEE~1\AppData\Local\Temp\cczPs227.ltrans3.ltrans.o
                0x20000870                I2CD1
 .bss.SD2       0x200008a8       0x78 C:\Users\SANDEE~1\AppData\Local\Temp\cczPs227.ltrans3.ltrans.o
                0x200008a8                SD2
 .bss.SPID1     0x20000920       0x30 C:\Users\SANDEE~1\AppData\Local\Temp\cczPs227.ltrans3.ltrans.o
                0x20000920                SPID1
 .bss.USBD1     0x20000950      0x248 C:\Users\SANDEE~1\AppData\Local\Temp\cczPs227.ltrans3.ltrans.o
                0x20000950                USBD1
 .bss.ch        0x20000b98      0x1d8 C:\Users\SANDEE~1\AppData\Local\Temp\cczPs227.ltrans3.ltrans.o
                0x20000b98                ch
 .bss.dummyrx   0x20000d70        0x2 C:\Users\SANDEE~1\AppData\Local\Temp\cczPs227.ltrans3.ltrans.o
 *fill*         0x20000d72        0x2 
 .bss.SPID2     0x20000d74       0x30 C:\Users\SANDEE~1\AppData\Local\Temp\cczPs227.ltrans4.ltrans.o
                0x20000d74                SPID2
 .bss.btn_flag  0x20000da4        0x1 C:\Users\SANDEE~1\AppData\Local\Temp\cczPs227.ltrans4.ltrans.o
                0x20000da4                btn_flag
 *fill*         0x20000da5        0x3 
 .bss.default_heap
                0x20000da8       0x20 C:\Users\SANDEE~1\AppData\Local\Temp\cczPs227.ltrans4.ltrans.o
 .bss.demo_mode.lto_priv.74
                0x20000dc8        0x4 C:\Users\SANDEE~1\AppData\Local\Temp\cczPs227.ltrans4.ltrans.o
                0x20000dc8                demo_mode.lto_priv.74
 .bss.dma_isr_redir.lto_priv.78
                0x20000dcc       0x80 C:\Users\SANDEE~1\AppData\Local\Temp\cczPs227.ltrans4.ltrans.o
                0x20000dcc                dma_isr_redir.lto_priv.78
 .bss.dma_streams_mask.lto_priv.77
                0x20000e4c        0x4 C:\Users\SANDEE~1\AppData\Local\Temp\cczPs227.ltrans4.ltrans.o
                0x20000e4c                dma_streams_mask.lto_priv.77
 .bss.endmem.lto_priv.79
                0x20000e50        0x4 C:\Users\SANDEE~1\AppData\Local\Temp\cczPs227.ltrans4.ltrans.o
                0x20000e50                endmem.lto_priv.79
 .bss.nextmem.lto_priv.80
                0x20000e54        0x4 C:\Users\SANDEE~1\AppData\Local\Temp\cczPs227.ltrans4.ltrans.o
                0x20000e54                nextmem.lto_priv.80
 .bss.waThread1
                0x20000e58      0x350 C:\Users\SANDEE~1\AppData\Local\Temp\cczPs227.ltrans4.ltrans.o
 *(COMMON)
                0x200011a8                . = ALIGN (0x4)
                0x200011a8                _bss_end = .
                [!provide]                PROVIDE (end, .)

.ram0_init      0x200011a8        0x0 load address 0x08003950
                0x200011a8                . = ALIGN (0x4)
                0x08003950                __ram0_init_text__ = LOADADDR (.ram0_init)
                0x200011a8                __ram0_init__ = .
 *(.ram0_init)
 *(.ram0_init.*)
                0x200011a8                . = ALIGN (0x4)

.ram0           0x200011a8        0x0 load address 0x08003950
                0x200011a8                . = ALIGN (0x4)
                0x200011a8                __ram0_clear__ = .
 *(.ram0_clear)
 *(.ram0_clear.*)
                0x200011a8                . = ALIGN (0x4)
                0x200011a8                __ram0_noinit__ = .
 *(.ram0)
 *(.ram0.*)
                0x200011a8                . = ALIGN (0x4)
                0x200011a8                __ram0_free__ = .

.ram1_init      0x00000000        0x0 load address 0x08003950
                0x00000000                . = ALIGN (0x4)
                0x08003950                __ram1_init_text__ = LOADADDR (.ram1_init)
                0x00000000                __ram1_init__ = .
 *(.ram1_init)
 *(.ram1_init.*)
                0x00000000                . = ALIGN (0x4)

.ram1           0x00000000        0x0 load address 0x08003950
                0x00000000                . = ALIGN (0x4)
                0x00000000                __ram1_clear__ = .
 *(.ram1_clear)
 *(.ram1_clear.*)
                0x00000000                . = ALIGN (0x4)
                0x00000000                __ram1_noinit__ = .
 *(.ram1)
 *(.ram1.*)
                0x00000000                . = ALIGN (0x4)
                0x00000000                __ram1_free__ = .

.ram2_init      0x00000000        0x0 load address 0x08003950
                0x00000000                . = ALIGN (0x4)
                0x08003950                __ram2_init_text__ = LOADADDR (.ram2_init)
                0x00000000                __ram2_init__ = .
 *(.ram2_init)
 *(.ram2_init.*)
                0x00000000                . = ALIGN (0x4)

.ram2           0x00000000        0x0 load address 0x08003950
                0x00000000                . = ALIGN (0x4)
                0x00000000                __ram2_clear__ = .
 *(.ram2_clear)
 *(.ram2_clear.*)
                0x00000000                . = ALIGN (0x4)
                0x00000000                __ram2_noinit__ = .
 *(.ram2)
 *(.ram2.*)
                0x00000000                . = ALIGN (0x4)
                0x00000000                __ram2_free__ = .

.ram3_init      0x00000000        0x0 load address 0x08003950
                0x00000000                . = ALIGN (0x4)
                0x08003950                __ram3_init_text__ = LOADADDR (.ram3_init)
                0x00000000                __ram3_init__ = .
 *(.ram3_init)
 *(.ram3_init.*)
                0x00000000                . = ALIGN (0x4)

.ram3           0x00000000        0x0 load address 0x08003950
                0x00000000                . = ALIGN (0x4)
                0x00000000                __ram3_clear__ = .
 *(.ram3_clear)
 *(.ram3_clear.*)
                0x00000000                . = ALIGN (0x4)
                0x00000000                __ram3_noinit__ = .
 *(.ram3)
 *(.ram3.*)
                0x00000000                . = ALIGN (0x4)
                0x00000000                __ram3_free__ = .

.ram4_init      0x00000000        0x0 load address 0x08003950
                0x00000000                . = ALIGN (0x4)
                0x08003950                __ram4_init_text__ = LOADADDR (.ram4_init)
                0x00000000                __ram4_init__ = .
 *(.ram4_init)
 *(.ram4_init.*)
                0x00000000                . = ALIGN (0x4)

.ram4           0x00000000        0x0 load address 0x08003950
                0x00000000                . = ALIGN (0x4)
                0x00000000                __ram4_clear__ = .
 *(.ram4_clear)
 *(.ram4_clear.*)
                0x00000000                . = ALIGN (0x4)
                0x00000000                __ram4_noinit__ = .
 *(.ram4)
 *(.ram4.*)
                0x00000000                . = ALIGN (0x4)
                0x00000000                __ram4_free__ = .

.ram5_init      0x00000000        0x0 load address 0x08003950
                0x00000000                . = ALIGN (0x4)
                0x08003950                __ram5_init_text__ = LOADADDR (.ram5_init)
                0x00000000                __ram5_init__ = .
 *(.ram5_init)
 *(.ram5_init.*)
                0x00000000                . = ALIGN (0x4)

.ram5           0x00000000        0x0 load address 0x08003950
                0x00000000                . = ALIGN (0x4)
                0x00000000                __ram5_clear__ = .
 *(.ram5_clear)
 *(.ram5_clear.*)
                0x00000000                . = ALIGN (0x4)
                0x00000000                __ram5_noinit__ = .
 *(.ram5)
 *(.ram5.*)
                0x00000000                . = ALIGN (0x4)
                0x00000000                __ram5_free__ = .

.ram6_init      0x00000000        0x0 load address 0x08003950
                0x00000000                . = ALIGN (0x4)
                0x08003950                __ram6_init_text__ = LOADADDR (.ram6_init)
                0x00000000                __ram6_init__ = .
 *(.ram6_init)
 *(.ram6_init.*)
                0x00000000                . = ALIGN (0x4)

.ram6           0x00000000        0x0 load address 0x08003950
                0x00000000                . = ALIGN (0x4)
                0x00000000                __ram6_clear__ = .
 *(.ram6_clear)
 *(.ram6_clear.*)
                0x00000000                . = ALIGN (0x4)
                0x00000000                __ram6_noinit__ = .
 *(.ram6)
 *(.ram6.*)
                0x00000000                . = ALIGN (0x4)
                0x00000000                __ram6_free__ = .

.ram7_init      0x00000000        0x0 load address 0x08003950
                0x00000000                . = ALIGN (0x4)
                0x08003950                __ram7_init_text__ = LOADADDR (.ram7_init)
                0x00000000                __ram7_init__ = .
 *(.ram7_init)
 *(.ram7_init.*)
                0x00000000                . = ALIGN (0x4)

.ram7           0x00000000        0x0 load address 0x08003950
                0x00000000                . = ALIGN (0x4)
                0x00000000                __ram7_clear__ = .
 *(.ram7_clear)
 *(.ram7_clear.*)
                0x00000000                . = ALIGN (0x4)
                0x00000000                __ram7_noinit__ = .
 *(.ram7)
 *(.ram7.*)
                0x00000000                . = ALIGN (0x4)
                0x00000000                __ram7_free__ = .

.heap           0x200011a8     0xee58
                0x200011a8                . = ALIGN (0x8)
                0x200011a8                __heap_base__ = .
                0x20010000                . = (ORIGIN (HEAP_RAM) + LENGTH (HEAP_RAM))
 *fill*         0x200011a8     0xee58 
                0x20010000                __heap_end__ = .
                0x00000400                __process_stack_size__ = 0x400
                0x00000400                __main_stack_size__ = 0x400
START GROUP
LOAD c:/gnutoolsarm/6 2017-q2-update/bin/../lib/gcc/arm-none-eabi/6.3.1/thumb/v7e-m/fpv4-sp/hard\libgcc.a
LOAD c:/gnutoolsarm/6 2017-q2-update/bin/../lib/gcc/arm-none-eabi/6.3.1/../../../../arm-none-eabi/lib/thumb/v7e-m/fpv4-sp/hard\libg.a
LOAD c:/gnutoolsarm/6 2017-q2-update/bin/../lib/gcc/arm-none-eabi/6.3.1/../../../../arm-none-eabi/lib/thumb/v7e-m/fpv4-sp/hard\libc.a
END GROUP
OUTPUT(build/ch.elf elf32-littlearm)

.ARM.attributes
                0x00000000       0x33
 .ARM.attributes
                0x00000000       0x25 build/obj/crt0_v7m.o
 .ARM.attributes
                0x00000025       0x25 build/obj/chcoreasm_v7m.o
 .ARM.attributes
                0x0000004a       0x37 C:\Users\SANDEE~1\AppData\Local\Temp\cczPs227.ltrans0.ltrans.o
 .ARM.attributes
                0x00000081       0x37 C:\Users\SANDEE~1\AppData\Local\Temp\cczPs227.ltrans1.ltrans.o
 .ARM.attributes
                0x000000b8       0x37 C:\Users\SANDEE~1\AppData\Local\Temp\cczPs227.ltrans2.ltrans.o
 .ARM.attributes
                0x000000ef       0x37 C:\Users\SANDEE~1\AppData\Local\Temp\cczPs227.ltrans3.ltrans.o
 .ARM.attributes
                0x00000126       0x37 C:\Users\SANDEE~1\AppData\Local\Temp\cczPs227.ltrans4.ltrans.o

.comment        0x00000000       0x7f
 .comment       0x00000000       0x7f C:\Users\SANDEE~1\AppData\Local\Temp\cczPs227.ltrans0.ltrans.o
                                 0x80 (size before relaxing)
 .comment       0x0000007f       0x80 C:\Users\SANDEE~1\AppData\Local\Temp\cczPs227.ltrans1.ltrans.o
 .comment       0x0000007f       0x80 C:\Users\SANDEE~1\AppData\Local\Temp\cczPs227.ltrans2.ltrans.o
 .comment       0x0000007f       0x80 C:\Users\SANDEE~1\AppData\Local\Temp\cczPs227.ltrans3.ltrans.o
 .comment       0x0000007f       0x80 C:\Users\SANDEE~1\AppData\Local\Temp\cczPs227.ltrans4.ltrans.o

.debug_info     0x00000000    0x101a7
 .debug_info    0x00000000     0x4a1c C:\Users\SANDEE~1\AppData\Local\Temp\cczPs227.ltrans0.ltrans.o
 .debug_info    0x00004a1c     0x368d C:\Users\SANDEE~1\AppData\Local\Temp\cczPs227.ltrans1.ltrans.o
 .debug_info    0x000080a9     0x1c83 C:\Users\SANDEE~1\AppData\Local\Temp\cczPs227.ltrans2.ltrans.o
 .debug_info    0x00009d2c     0x3765 C:\Users\SANDEE~1\AppData\Local\Temp\cczPs227.ltrans3.ltrans.o
 .debug_info    0x0000d491     0x2d16 C:\Users\SANDEE~1\AppData\Local\Temp\cczPs227.ltrans4.ltrans.o

.debug_abbrev   0x00000000     0x1841
 .debug_abbrev  0x00000000      0x6cc C:\Users\SANDEE~1\AppData\Local\Temp\cczPs227.ltrans0.ltrans.o
 .debug_abbrev  0x000006cc      0x59e C:\Users\SANDEE~1\AppData\Local\Temp\cczPs227.ltrans1.ltrans.o
 .debug_abbrev  0x00000c6a      0x31b C:\Users\SANDEE~1\AppData\Local\Temp\cczPs227.ltrans2.ltrans.o
 .debug_abbrev  0x00000f85      0x4b7 C:\Users\SANDEE~1\AppData\Local\Temp\cczPs227.ltrans3.ltrans.o
 .debug_abbrev  0x0000143c      0x405 C:\Users\SANDEE~1\AppData\Local\Temp\cczPs227.ltrans4.ltrans.o

.debug_loc      0x00000000     0x4cf2
 .debug_loc     0x00000000     0x1da0 C:\Users\SANDEE~1\AppData\Local\Temp\cczPs227.ltrans0.ltrans.o
 .debug_loc     0x00001da0     0x15bb C:\Users\SANDEE~1\AppData\Local\Temp\cczPs227.ltrans1.ltrans.o
 .debug_loc     0x0000335b      0x67f C:\Users\SANDEE~1\AppData\Local\Temp\cczPs227.ltrans2.ltrans.o
 .debug_loc     0x000039da      0xeec C:\Users\SANDEE~1\AppData\Local\Temp\cczPs227.ltrans3.ltrans.o
 .debug_loc     0x000048c6      0x42c C:\Users\SANDEE~1\AppData\Local\Temp\cczPs227.ltrans4.ltrans.o

.debug_aranges  0x00000000      0x2f8
 .debug_aranges
                0x00000000      0x1b8 C:\Users\SANDEE~1\AppData\Local\Temp\cczPs227.ltrans0.ltrans.o
 .debug_aranges
                0x000001b8       0x80 C:\Users\SANDEE~1\AppData\Local\Temp\cczPs227.ltrans1.ltrans.o
 .debug_aranges
                0x00000238       0x20 C:\Users\SANDEE~1\AppData\Local\Temp\cczPs227.ltrans2.ltrans.o
 .debug_aranges
                0x00000258       0x80 C:\Users\SANDEE~1\AppData\Local\Temp\cczPs227.ltrans3.ltrans.o
 .debug_aranges
                0x000002d8       0x20 C:\Users\SANDEE~1\AppData\Local\Temp\cczPs227.ltrans4.ltrans.o

.debug_ranges   0x00000000     0x1930
 .debug_ranges  0x00000000      0x650 C:\Users\SANDEE~1\AppData\Local\Temp\cczPs227.ltrans0.ltrans.o
 .debug_ranges  0x00000650      0x438 C:\Users\SANDEE~1\AppData\Local\Temp\cczPs227.ltrans1.ltrans.o
 .debug_ranges  0x00000a88      0x1a8 C:\Users\SANDEE~1\AppData\Local\Temp\cczPs227.ltrans2.ltrans.o
 .debug_ranges  0x00000c30      0x410 C:\Users\SANDEE~1\AppData\Local\Temp\cczPs227.ltrans3.ltrans.o
 .debug_ranges  0x00001040      0x8f0 C:\Users\SANDEE~1\AppData\Local\Temp\cczPs227.ltrans4.ltrans.o

.debug_line     0x00000000     0x385e
 .debug_line    0x00000000     0x10df C:\Users\SANDEE~1\AppData\Local\Temp\cczPs227.ltrans0.ltrans.o
 .debug_line    0x000010df      0xc0f C:\Users\SANDEE~1\AppData\Local\Temp\cczPs227.ltrans1.ltrans.o
 .debug_line    0x00001cee      0x5d3 C:\Users\SANDEE~1\AppData\Local\Temp\cczPs227.ltrans2.ltrans.o
 .debug_line    0x000022c1      0xa5b C:\Users\SANDEE~1\AppData\Local\Temp\cczPs227.ltrans3.ltrans.o
 .debug_line    0x00002d1c      0xb42 C:\Users\SANDEE~1\AppData\Local\Temp\cczPs227.ltrans4.ltrans.o

.debug_str      0x00000000     0x2a7e
 .debug_str     0x00000000     0x14db C:\Users\SANDEE~1\AppData\Local\Temp\cczPs227.ltrans0.ltrans.o
                               0x15a8 (size before relaxing)
 .debug_str     0x000014db      0x8a7 C:\Users\SANDEE~1\AppData\Local\Temp\cczPs227.ltrans1.ltrans.o
                               0x1582 (size before relaxing)
 .debug_str     0x00001d82      0x1d9 C:\Users\SANDEE~1\AppData\Local\Temp\cczPs227.ltrans2.ltrans.o
                                0x98b (size before relaxing)
 .debug_str     0x00001f5b      0x5be C:\Users\SANDEE~1\AppData\Local\Temp\cczPs227.ltrans3.ltrans.o
                               0x174e (size before relaxing)
 .debug_str     0x00002519      0x565 C:\Users\SANDEE~1\AppData\Local\Temp\cczPs227.ltrans4.ltrans.o
                               0x15c0 (size before relaxing)

.debug_frame    0x00000000      0xa00
 .debug_frame   0x00000000      0x5c8 C:\Users\SANDEE~1\AppData\Local\Temp\cczPs227.ltrans0.ltrans.o
 .debug_frame   0x000005c8      0x228 C:\Users\SANDEE~1\AppData\Local\Temp\cczPs227.ltrans1.ltrans.o
 .debug_frame   0x000007f0       0x2c C:\Users\SANDEE~1\AppData\Local\Temp\cczPs227.ltrans2.ltrans.o
 .debug_frame   0x0000081c      0x1b8 C:\Users\SANDEE~1\AppData\Local\Temp\cczPs227.ltrans3.ltrans.o
 .debug_frame   0x000009d4       0x2c C:\Users\SANDEE~1\AppData\Local\Temp\cczPs227.ltrans4.ltrans.o

Cross Reference Table

Symbol                                            File
BusFault_Handler                                  C:\Users\SANDEE~1\AppData\Local\Temp\cczPs227.ltrans0.ltrans.o
                                                  build/obj/vectors.o (symbol from plugin)
                                                  C:\Users\SANDEE~1\AppData\Local\Temp\cczPs227.ltrans1.ltrans.o
DebugMon_Handler                                  C:\Users\SANDEE~1\AppData\Local\Temp\cczPs227.ltrans0.ltrans.o
                                                  build/obj/vectors.o (symbol from plugin)
                                                  C:\Users\SANDEE~1\AppData\Local\Temp\cczPs227.ltrans1.ltrans.o
HardFault_Handler                                 C:\Users\SANDEE~1\AppData\Local\Temp\cczPs227.ltrans0.ltrans.o
                                                  build/obj/vectors.o (symbol from plugin)
                                                  C:\Users\SANDEE~1\AppData\Local\Temp\cczPs227.ltrans1.ltrans.o
I2CD1                                             C:\Users\SANDEE~1\AppData\Local\Temp\cczPs227.ltrans3.ltrans.o
                                                  build/obj/i2c_lld.o (symbol from plugin)
                                                  C:\Users\SANDEE~1\AppData\Local\Temp\cczPs227.ltrans4.ltrans.o
                                                  C:\Users\SANDEE~1\AppData\Local\Temp\cczPs227.ltrans2.ltrans.o
                                                  C:\Users\SANDEE~1\AppData\Local\Temp\cczPs227.ltrans1.ltrans.o
                                                  build/obj/main.o (symbol from plugin)
MemManage_Handler                                 C:\Users\SANDEE~1\AppData\Local\Temp\cczPs227.ltrans0.ltrans.o
                                                  build/obj/vectors.o (symbol from plugin)
                                                  C:\Users\SANDEE~1\AppData\Local\Temp\cczPs227.ltrans1.ltrans.o
NMI_Handler                                       C:\Users\SANDEE~1\AppData\Local\Temp\cczPs227.ltrans0.ltrans.o
                                                  build/obj/vectors.o (symbol from plugin)
                                                  C:\Users\SANDEE~1\AppData\Local\Temp\cczPs227.ltrans1.ltrans.o
PendSV_Handler                                    C:\Users\SANDEE~1\AppData\Local\Temp\cczPs227.ltrans0.ltrans.o
                                                  build/obj/vectors.o (symbol from plugin)
                                                  C:\Users\SANDEE~1\AppData\Local\Temp\cczPs227.ltrans1.ltrans.o
Reset_Handler                                     build/obj/crt0_v7m.o
                                                  C:\Users\SANDEE~1\AppData\Local\Temp\cczPs227.ltrans1.ltrans.o
                                                  build/obj/vectors.o (symbol from plugin)
SD2                                               C:\Users\SANDEE~1\AppData\Local\Temp\cczPs227.ltrans3.ltrans.o
                                                  build/obj/serial_lld.o (symbol from plugin)
                                                  C:\Users\SANDEE~1\AppData\Local\Temp\cczPs227.ltrans4.ltrans.o
                                                  C:\Users\SANDEE~1\AppData\Local\Temp\cczPs227.ltrans2.ltrans.o
                                                  C:\Users\SANDEE~1\AppData\Local\Temp\cczPs227.ltrans1.ltrans.o
                                                  build/obj/main.o (symbol from plugin)
SDU1                                              build/obj/usbcfg.o (symbol from plugin)
SPID1                                             C:\Users\SANDEE~1\AppData\Local\Temp\cczPs227.ltrans3.ltrans.o
                                                  build/obj/spi_lld.o (symbol from plugin)
                                                  C:\Users\SANDEE~1\AppData\Local\Temp\cczPs227.ltrans4.ltrans.o
                                                  C:\Users\SANDEE~1\AppData\Local\Temp\cczPs227.ltrans2.ltrans.o
                                                  build/obj/main.o (symbol from plugin)
SPID2                                             C:\Users\SANDEE~1\AppData\Local\Temp\cczPs227.ltrans4.ltrans.o
                                                  build/obj/spi_lld.o (symbol from plugin)
SVC_Handler                                       C:\Users\SANDEE~1\AppData\Local\Temp\cczPs227.ltrans0.ltrans.o
                                                  build/obj/chcore_v7m.o (symbol from plugin)
                                                  build/obj/vectors.o (symbol from plugin)
                                                  C:\Users\SANDEE~1\AppData\Local\Temp\cczPs227.ltrans1.ltrans.o
SysTick_Handler                                   C:\Users\SANDEE~1\AppData\Local\Temp\cczPs227.ltrans0.ltrans.o
                                                  build/obj/vectors.o (symbol from plugin)
                                                  C:\Users\SANDEE~1\AppData\Local\Temp\cczPs227.ltrans1.ltrans.o
SystemCoreClock                                   build/obj/hal_lld.o (symbol from plugin)
TestThread                                        build/obj/test.o (symbol from plugin)
Thread1.lto_priv.63                               C:\Users\SANDEE~1\AppData\Local\Temp\cczPs227.ltrans2.ltrans.o
                                                  C:\Users\SANDEE~1\AppData\Local\Temp\cczPs227.ltrans4.ltrans.o
USBD1                                             C:\Users\SANDEE~1\AppData\Local\Temp\cczPs227.ltrans3.ltrans.o
                                                  build/obj/usb_lld.o (symbol from plugin)
                                                  C:\Users\SANDEE~1\AppData\Local\Temp\cczPs227.ltrans4.ltrans.o
                                                  C:\Users\SANDEE~1\AppData\Local\Temp\cczPs227.ltrans1.ltrans.o
                                                  build/obj/usbcfg.o (symbol from plugin)
UsageFault_Handler                                C:\Users\SANDEE~1\AppData\Local\Temp\cczPs227.ltrans0.ltrans.o
                                                  build/obj/vectors.o (symbol from plugin)
                                                  C:\Users\SANDEE~1\AppData\Local\Temp\cczPs227.ltrans1.ltrans.o
Vector100                                         C:\Users\SANDEE~1\AppData\Local\Temp\cczPs227.ltrans0.ltrans.o
                                                  build/obj/vectors.o (symbol from plugin)
                                                  C:\Users\SANDEE~1\AppData\Local\Temp\cczPs227.ltrans1.ltrans.o
Vector104                                         C:\Users\SANDEE~1\AppData\Local\Temp\cczPs227.ltrans0.ltrans.o
                                                  build/obj/vectors.o (symbol from plugin)
                                                  C:\Users\SANDEE~1\AppData\Local\Temp\cczPs227.ltrans1.ltrans.o
Vector108                                         C:\Users\SANDEE~1\AppData\Local\Temp\cczPs227.ltrans0.ltrans.o
                                                  build/obj/vectors.o (symbol from plugin)
                                                  C:\Users\SANDEE~1\AppData\Local\Temp\cczPs227.ltrans1.ltrans.o
Vector10C                                         C:\Users\SANDEE~1\AppData\Local\Temp\cczPs227.ltrans0.ltrans.o
                                                  build/obj/vectors.o (symbol from plugin)
                                                  C:\Users\SANDEE~1\AppData\Local\Temp\cczPs227.ltrans1.ltrans.o
Vector110                                         C:\Users\SANDEE~1\AppData\Local\Temp\cczPs227.ltrans0.ltrans.o
                                                  build/obj/vectors.o (symbol from plugin)
                                                  C:\Users\SANDEE~1\AppData\Local\Temp\cczPs227.ltrans1.ltrans.o
Vector114                                         C:\Users\SANDEE~1\AppData\Local\Temp\cczPs227.ltrans0.ltrans.o
                                                  build/obj/vectors.o (symbol from plugin)
                                                  C:\Users\SANDEE~1\AppData\Local\Temp\cczPs227.ltrans1.ltrans.o
Vector118                                         C:\Users\SANDEE~1\AppData\Local\Temp\cczPs227.ltrans0.ltrans.o
                                                  build/obj/vectors.o (symbol from plugin)
                                                  C:\Users\SANDEE~1\AppData\Local\Temp\cczPs227.ltrans1.ltrans.o
Vector11C                                         C:\Users\SANDEE~1\AppData\Local\Temp\cczPs227.ltrans0.ltrans.o
                                                  build/obj/vectors.o (symbol from plugin)
                                                  C:\Users\SANDEE~1\AppData\Local\Temp\cczPs227.ltrans1.ltrans.o
Vector120                                         C:\Users\SANDEE~1\AppData\Local\Temp\cczPs227.ltrans0.ltrans.o
                                                  build/obj/stm32_dma.o (symbol from plugin)
                                                  build/obj/vectors.o (symbol from plugin)
                                                  C:\Users\SANDEE~1\AppData\Local\Temp\cczPs227.ltrans1.ltrans.o
Vector124                                         C:\Users\SANDEE~1\AppData\Local\Temp\cczPs227.ltrans0.ltrans.o
                                                  build/obj/stm32_dma.o (symbol from plugin)
                                                  build/obj/vectors.o (symbol from plugin)
                                                  C:\Users\SANDEE~1\AppData\Local\Temp\cczPs227.ltrans1.ltrans.o
Vector128                                         C:\Users\SANDEE~1\AppData\Local\Temp\cczPs227.ltrans0.ltrans.o
                                                  build/obj/stm32_dma.o (symbol from plugin)
                                                  build/obj/vectors.o (symbol from plugin)
                                                  C:\Users\SANDEE~1\AppData\Local\Temp\cczPs227.ltrans1.ltrans.o
Vector12C                                         C:\Users\SANDEE~1\AppData\Local\Temp\cczPs227.ltrans0.ltrans.o
                                                  build/obj/stm32_dma.o (symbol from plugin)
                                                  build/obj/vectors.o (symbol from plugin)
                                                  C:\Users\SANDEE~1\AppData\Local\Temp\cczPs227.ltrans1.ltrans.o
Vector130                                         C:\Users\SANDEE~1\AppData\Local\Temp\cczPs227.ltrans0.ltrans.o
                                                  build/obj/stm32_dma.o (symbol from plugin)
                                                  build/obj/vectors.o (symbol from plugin)
                                                  C:\Users\SANDEE~1\AppData\Local\Temp\cczPs227.ltrans1.ltrans.o
Vector134                                         C:\Users\SANDEE~1\AppData\Local\Temp\cczPs227.ltrans0.ltrans.o
                                                  build/obj/vectors.o (symbol from plugin)
                                                  C:\Users\SANDEE~1\AppData\Local\Temp\cczPs227.ltrans1.ltrans.o
Vector138                                         C:\Users\SANDEE~1\AppData\Local\Temp\cczPs227.ltrans0.ltrans.o
                                                  build/obj/vectors.o (symbol from plugin)
                                                  C:\Users\SANDEE~1\AppData\Local\Temp\cczPs227.ltrans1.ltrans.o
Vector13C                                         C:\Users\SANDEE~1\AppData\Local\Temp\cczPs227.ltrans0.ltrans.o
                                                  build/obj/vectors.o (symbol from plugin)
                                                  C:\Users\SANDEE~1\AppData\Local\Temp\cczPs227.ltrans1.ltrans.o
Vector140                                         C:\Users\SANDEE~1\AppData\Local\Temp\cczPs227.ltrans0.ltrans.o
                                                  build/obj/vectors.o (symbol from plugin)
                                                  C:\Users\SANDEE~1\AppData\Local\Temp\cczPs227.ltrans1.ltrans.o
Vector144                                         C:\Users\SANDEE~1\AppData\Local\Temp\cczPs227.ltrans0.ltrans.o
                                                  build/obj/vectors.o (symbol from plugin)
                                                  C:\Users\SANDEE~1\AppData\Local\Temp\cczPs227.ltrans1.ltrans.o
Vector148                                         C:\Users\SANDEE~1\AppData\Local\Temp\cczPs227.ltrans0.ltrans.o
                                                  build/obj/vectors.o (symbol from plugin)
                                                  C:\Users\SANDEE~1\AppData\Local\Temp\cczPs227.ltrans1.ltrans.o
Vector14C                                         build/obj/usb_lld.o (symbol from plugin)
                                                  build/obj/vectors.o (symbol from plugin)
Vector150                                         C:\Users\SANDEE~1\AppData\Local\Temp\cczPs227.ltrans0.ltrans.o
                                                  build/obj/stm32_dma.o (symbol from plugin)
                                                  build/obj/vectors.o (symbol from plugin)
                                                  C:\Users\SANDEE~1\AppData\Local\Temp\cczPs227.ltrans1.ltrans.o
Vector154                                         C:\Users\SANDEE~1\AppData\Local\Temp\cczPs227.ltrans0.ltrans.o
                                                  build/obj/stm32_dma.o (symbol from plugin)
                                                  build/obj/vectors.o (symbol from plugin)
                                                  C:\Users\SANDEE~1\AppData\Local\Temp\cczPs227.ltrans1.ltrans.o
Vector158                                         C:\Users\SANDEE~1\AppData\Local\Temp\cczPs227.ltrans0.ltrans.o
                                                  build/obj/stm32_dma.o (symbol from plugin)
                                                  build/obj/vectors.o (symbol from plugin)
                                                  C:\Users\SANDEE~1\AppData\Local\Temp\cczPs227.ltrans1.ltrans.o
Vector15C                                         C:\Users\SANDEE~1\AppData\Local\Temp\cczPs227.ltrans0.ltrans.o
                                                  build/obj/vectors.o (symbol from plugin)
                                                  C:\Users\SANDEE~1\AppData\Local\Temp\cczPs227.ltrans1.ltrans.o
Vector160                                         C:\Users\SANDEE~1\AppData\Local\Temp\cczPs227.ltrans0.ltrans.o
                                                  build/obj/vectors.o (symbol from plugin)
                                                  C:\Users\SANDEE~1\AppData\Local\Temp\cczPs227.ltrans1.ltrans.o
Vector164                                         C:\Users\SANDEE~1\AppData\Local\Temp\cczPs227.ltrans0.ltrans.o
                                                  build/obj/vectors.o (symbol from plugin)
                                                  C:\Users\SANDEE~1\AppData\Local\Temp\cczPs227.ltrans1.ltrans.o
Vector168                                         C:\Users\SANDEE~1\AppData\Local\Temp\cczPs227.ltrans0.ltrans.o
                                                  build/obj/vectors.o (symbol from plugin)
                                                  C:\Users\SANDEE~1\AppData\Local\Temp\cczPs227.ltrans1.ltrans.o
Vector16C                                         C:\Users\SANDEE~1\AppData\Local\Temp\cczPs227.ltrans0.ltrans.o
                                                  build/obj/vectors.o (symbol from plugin)
                                                  C:\Users\SANDEE~1\AppData\Local\Temp\cczPs227.ltrans1.ltrans.o
Vector170                                         C:\Users\SANDEE~1\AppData\Local\Temp\cczPs227.ltrans0.ltrans.o
                                                  build/obj/vectors.o (symbol from plugin)
                                                  C:\Users\SANDEE~1\AppData\Local\Temp\cczPs227.ltrans1.ltrans.o
Vector174                                         C:\Users\SANDEE~1\AppData\Local\Temp\cczPs227.ltrans0.ltrans.o
                                                  build/obj/vectors.o (symbol from plugin)
                                                  C:\Users\SANDEE~1\AppData\Local\Temp\cczPs227.ltrans1.ltrans.o
Vector178                                         C:\Users\SANDEE~1\AppData\Local\Temp\cczPs227.ltrans0.ltrans.o
                                                  build/obj/vectors.o (symbol from plugin)
                                                  C:\Users\SANDEE~1\AppData\Local\Temp\cczPs227.ltrans1.ltrans.o
Vector17C                                         C:\Users\SANDEE~1\AppData\Local\Temp\cczPs227.ltrans0.ltrans.o
                                                  build/obj/vectors.o (symbol from plugin)
                                                  C:\Users\SANDEE~1\AppData\Local\Temp\cczPs227.ltrans1.ltrans.o
Vector180                                         C:\Users\SANDEE~1\AppData\Local\Temp\cczPs227.ltrans0.ltrans.o
                                                  build/obj/vectors.o (symbol from plugin)
                                                  C:\Users\SANDEE~1\AppData\Local\Temp\cczPs227.ltrans1.ltrans.o
Vector184                                         C:\Users\SANDEE~1\AppData\Local\Temp\cczPs227.ltrans0.ltrans.o
                                                  build/obj/vectors.o (symbol from plugin)
                                                  C:\Users\SANDEE~1\AppData\Local\Temp\cczPs227.ltrans1.ltrans.o
Vector188                                         C:\Users\SANDEE~1\AppData\Local\Temp\cczPs227.ltrans0.ltrans.o
                                                  build/obj/vectors.o (symbol from plugin)
                                                  C:\Users\SANDEE~1\AppData\Local\Temp\cczPs227.ltrans1.ltrans.o
Vector18C                                         C:\Users\SANDEE~1\AppData\Local\Temp\cczPs227.ltrans0.ltrans.o
                                                  build/obj/vectors.o (symbol from plugin)
                                                  C:\Users\SANDEE~1\AppData\Local\Temp\cczPs227.ltrans1.ltrans.o
Vector190                                         C:\Users\SANDEE~1\AppData\Local\Temp\cczPs227.ltrans0.ltrans.o
                                                  build/obj/vectors.o (symbol from plugin)
                                                  C:\Users\SANDEE~1\AppData\Local\Temp\cczPs227.ltrans1.ltrans.o
Vector194                                         C:\Users\SANDEE~1\AppData\Local\Temp\cczPs227.ltrans0.ltrans.o
                                                  build/obj/vectors.o (symbol from plugin)
                                                  C:\Users\SANDEE~1\AppData\Local\Temp\cczPs227.ltrans1.ltrans.o
Vector198                                         C:\Users\SANDEE~1\AppData\Local\Temp\cczPs227.ltrans0.ltrans.o
                                                  build/obj/vectors.o (symbol from plugin)
                                                  C:\Users\SANDEE~1\AppData\Local\Temp\cczPs227.ltrans1.ltrans.o
Vector19C                                         C:\Users\SANDEE~1\AppData\Local\Temp\cczPs227.ltrans0.ltrans.o
                                                  build/obj/vectors.o (symbol from plugin)
                                                  C:\Users\SANDEE~1\AppData\Local\Temp\cczPs227.ltrans1.ltrans.o
Vector1A0                                         C:\Users\SANDEE~1\AppData\Local\Temp\cczPs227.ltrans0.ltrans.o
                                                  build/obj/vectors.o (symbol from plugin)
                                                  C:\Users\SANDEE~1\AppData\Local\Temp\cczPs227.ltrans1.ltrans.o
Vector1A4                                         C:\Users\SANDEE~1\AppData\Local\Temp\cczPs227.ltrans0.ltrans.o
                                                  build/obj/vectors.o (symbol from plugin)
                                                  C:\Users\SANDEE~1\AppData\Local\Temp\cczPs227.ltrans1.ltrans.o
Vector1A8                                         C:\Users\SANDEE~1\AppData\Local\Temp\cczPs227.ltrans0.ltrans.o
                                                  build/obj/vectors.o (symbol from plugin)
                                                  C:\Users\SANDEE~1\AppData\Local\Temp\cczPs227.ltrans1.ltrans.o
Vector1AC                                         C:\Users\SANDEE~1\AppData\Local\Temp\cczPs227.ltrans0.ltrans.o
                                                  build/obj/vectors.o (symbol from plugin)
                                                  C:\Users\SANDEE~1\AppData\Local\Temp\cczPs227.ltrans1.ltrans.o
Vector1B0                                         C:\Users\SANDEE~1\AppData\Local\Temp\cczPs227.ltrans0.ltrans.o
                                                  build/obj/vectors.o (symbol from plugin)
                                                  C:\Users\SANDEE~1\AppData\Local\Temp\cczPs227.ltrans1.ltrans.o
Vector1B4                                         C:\Users\SANDEE~1\AppData\Local\Temp\cczPs227.ltrans0.ltrans.o
                                                  build/obj/vectors.o (symbol from plugin)
                                                  C:\Users\SANDEE~1\AppData\Local\Temp\cczPs227.ltrans1.ltrans.o
Vector1B8                                         C:\Users\SANDEE~1\AppData\Local\Temp\cczPs227.ltrans0.ltrans.o
                                                  build/obj/vectors.o (symbol from plugin)
                                                  C:\Users\SANDEE~1\AppData\Local\Temp\cczPs227.ltrans1.ltrans.o
Vector1BC                                         C:\Users\SANDEE~1\AppData\Local\Temp\cczPs227.ltrans0.ltrans.o
                                                  build/obj/vectors.o (symbol from plugin)
                                                  C:\Users\SANDEE~1\AppData\Local\Temp\cczPs227.ltrans1.ltrans.o
Vector1C                                          C:\Users\SANDEE~1\AppData\Local\Temp\cczPs227.ltrans0.ltrans.o
                                                  build/obj/vectors.o (symbol from plugin)
                                                  C:\Users\SANDEE~1\AppData\Local\Temp\cczPs227.ltrans1.ltrans.o
Vector20                                          C:\Users\SANDEE~1\AppData\Local\Temp\cczPs227.ltrans0.ltrans.o
                                                  build/obj/vectors.o (symbol from plugin)
                                                  C:\Users\SANDEE~1\AppData\Local\Temp\cczPs227.ltrans1.ltrans.o
Vector24                                          C:\Users\SANDEE~1\AppData\Local\Temp\cczPs227.ltrans0.ltrans.o
                                                  build/obj/vectors.o (symbol from plugin)
                                                  C:\Users\SANDEE~1\AppData\Local\Temp\cczPs227.ltrans1.ltrans.o
Vector28                                          C:\Users\SANDEE~1\AppData\Local\Temp\cczPs227.ltrans0.ltrans.o
                                                  build/obj/vectors.o (symbol from plugin)
                                                  C:\Users\SANDEE~1\AppData\Local\Temp\cczPs227.ltrans1.ltrans.o
Vector34                                          C:\Users\SANDEE~1\AppData\Local\Temp\cczPs227.ltrans0.ltrans.o
                                                  build/obj/vectors.o (symbol from plugin)
                                                  C:\Users\SANDEE~1\AppData\Local\Temp\cczPs227.ltrans1.ltrans.o
Vector40                                          C:\Users\SANDEE~1\AppData\Local\Temp\cczPs227.ltrans0.ltrans.o
                                                  build/obj/vectors.o (symbol from plugin)
                                                  C:\Users\SANDEE~1\AppData\Local\Temp\cczPs227.ltrans1.ltrans.o
Vector44                                          C:\Users\SANDEE~1\AppData\Local\Temp\cczPs227.ltrans0.ltrans.o
                                                  build/obj/vectors.o (symbol from plugin)
                                                  C:\Users\SANDEE~1\AppData\Local\Temp\cczPs227.ltrans1.ltrans.o
Vector48                                          C:\Users\SANDEE~1\AppData\Local\Temp\cczPs227.ltrans0.ltrans.o
                                                  build/obj/vectors.o (symbol from plugin)
                                                  C:\Users\SANDEE~1\AppData\Local\Temp\cczPs227.ltrans1.ltrans.o
Vector4C                                          C:\Users\SANDEE~1\AppData\Local\Temp\cczPs227.ltrans0.ltrans.o
                                                  build/obj/vectors.o (symbol from plugin)
                                                  C:\Users\SANDEE~1\AppData\Local\Temp\cczPs227.ltrans1.ltrans.o
Vector50                                          C:\Users\SANDEE~1\AppData\Local\Temp\cczPs227.ltrans0.ltrans.o
                                                  build/obj/vectors.o (symbol from plugin)
                                                  C:\Users\SANDEE~1\AppData\Local\Temp\cczPs227.ltrans1.ltrans.o
Vector54                                          C:\Users\SANDEE~1\AppData\Local\Temp\cczPs227.ltrans0.ltrans.o
                                                  build/obj/vectors.o (symbol from plugin)
                                                  C:\Users\SANDEE~1\AppData\Local\Temp\cczPs227.ltrans1.ltrans.o
Vector58                                          C:\Users\SANDEE~1\AppData\Local\Temp\cczPs227.ltrans0.ltrans.o
                                                  build/obj/vectors.o (symbol from plugin)
                                                  C:\Users\SANDEE~1\AppData\Local\Temp\cczPs227.ltrans1.ltrans.o
Vector5C                                          C:\Users\SANDEE~1\AppData\Local\Temp\cczPs227.ltrans0.ltrans.o
                                                  build/obj/vectors.o (symbol from plugin)
                                                  C:\Users\SANDEE~1\AppData\Local\Temp\cczPs227.ltrans1.ltrans.o
Vector60                                          C:\Users\SANDEE~1\AppData\Local\Temp\cczPs227.ltrans0.ltrans.o
                                                  build/obj/vectors.o (symbol from plugin)
                                                  C:\Users\SANDEE~1\AppData\Local\Temp\cczPs227.ltrans1.ltrans.o
Vector64                                          C:\Users\SANDEE~1\AppData\Local\Temp\cczPs227.ltrans0.ltrans.o
                                                  build/obj/vectors.o (symbol from plugin)
                                                  C:\Users\SANDEE~1\AppData\Local\Temp\cczPs227.ltrans1.ltrans.o
Vector68                                          C:\Users\SANDEE~1\AppData\Local\Temp\cczPs227.ltrans0.ltrans.o
                                                  build/obj/vectors.o (symbol from plugin)
                                                  C:\Users\SANDEE~1\AppData\Local\Temp\cczPs227.ltrans1.ltrans.o
Vector6C                                          C:\Users\SANDEE~1\AppData\Local\Temp\cczPs227.ltrans0.ltrans.o
                                                  build/obj/stm32_dma.o (symbol from plugin)
                                                  build/obj/vectors.o (symbol from plugin)
                                                  C:\Users\SANDEE~1\AppData\Local\Temp\cczPs227.ltrans1.ltrans.o
Vector70                                          C:\Users\SANDEE~1\AppData\Local\Temp\cczPs227.ltrans0.ltrans.o
                                                  build/obj/stm32_dma.o (symbol from plugin)
                                                  build/obj/vectors.o (symbol from plugin)
                                                  C:\Users\SANDEE~1\AppData\Local\Temp\cczPs227.ltrans1.ltrans.o
Vector74                                          C:\Users\SANDEE~1\AppData\Local\Temp\cczPs227.ltrans0.ltrans.o
                                                  build/obj/stm32_dma.o (symbol from plugin)
                                                  build/obj/vectors.o (symbol from plugin)
                                                  C:\Users\SANDEE~1\AppData\Local\Temp\cczPs227.ltrans1.ltrans.o
Vector78                                          C:\Users\SANDEE~1\AppData\Local\Temp\cczPs227.ltrans0.ltrans.o
                                                  build/obj/stm32_dma.o (symbol from plugin)
                                                  build/obj/vectors.o (symbol from plugin)
                                                  C:\Users\SANDEE~1\AppData\Local\Temp\cczPs227.ltrans1.ltrans.o
Vector7C                                          C:\Users\SANDEE~1\AppData\Local\Temp\cczPs227.ltrans0.ltrans.o
                                                  build/obj/stm32_dma.o (symbol from plugin)
                                                  build/obj/vectors.o (symbol from plugin)
                                                  C:\Users\SANDEE~1\AppData\Local\Temp\cczPs227.ltrans1.ltrans.o
Vector80                                          C:\Users\SANDEE~1\AppData\Local\Temp\cczPs227.ltrans0.ltrans.o
                                                  build/obj/stm32_dma.o (symbol from plugin)
                                                  build/obj/vectors.o (symbol from plugin)
                                                  C:\Users\SANDEE~1\AppData\Local\Temp\cczPs227.ltrans1.ltrans.o
Vector84                                          C:\Users\SANDEE~1\AppData\Local\Temp\cczPs227.ltrans0.ltrans.o
                                                  build/obj/stm32_dma.o (symbol from plugin)
                                                  build/obj/vectors.o (symbol from plugin)
                                                  C:\Users\SANDEE~1\AppData\Local\Temp\cczPs227.ltrans1.ltrans.o
Vector88                                          C:\Users\SANDEE~1\AppData\Local\Temp\cczPs227.ltrans0.ltrans.o
                                                  build/obj/vectors.o (symbol from plugin)
                                                  C:\Users\SANDEE~1\AppData\Local\Temp\cczPs227.ltrans1.ltrans.o
Vector8C                                          C:\Users\SANDEE~1\AppData\Local\Temp\cczPs227.ltrans0.ltrans.o
                                                  build/obj/vectors.o (symbol from plugin)
                                                  C:\Users\SANDEE~1\AppData\Local\Temp\cczPs227.ltrans1.ltrans.o
Vector90                                          C:\Users\SANDEE~1\AppData\Local\Temp\cczPs227.ltrans0.ltrans.o
                                                  build/obj/vectors.o (symbol from plugin)
                                                  C:\Users\SANDEE~1\AppData\Local\Temp\cczPs227.ltrans1.ltrans.o
Vector94                                          C:\Users\SANDEE~1\AppData\Local\Temp\cczPs227.ltrans0.ltrans.o
                                                  build/obj/vectors.o (symbol from plugin)
                                                  C:\Users\SANDEE~1\AppData\Local\Temp\cczPs227.ltrans1.ltrans.o
Vector98                                          C:\Users\SANDEE~1\AppData\Local\Temp\cczPs227.ltrans0.ltrans.o
                                                  build/obj/vectors.o (symbol from plugin)
                                                  C:\Users\SANDEE~1\AppData\Local\Temp\cczPs227.ltrans1.ltrans.o
Vector9C                                          C:\Users\SANDEE~1\AppData\Local\Temp\cczPs227.ltrans0.ltrans.o
                                                  build/obj/vectors.o (symbol from plugin)
                                                  C:\Users\SANDEE~1\AppData\Local\Temp\cczPs227.ltrans1.ltrans.o
VectorA0                                          C:\Users\SANDEE~1\AppData\Local\Temp\cczPs227.ltrans0.ltrans.o
                                                  build/obj/vectors.o (symbol from plugin)
                                                  C:\Users\SANDEE~1\AppData\Local\Temp\cczPs227.ltrans1.ltrans.o
VectorA4                                          C:\Users\SANDEE~1\AppData\Local\Temp\cczPs227.ltrans0.ltrans.o
                                                  build/obj/vectors.o (symbol from plugin)
                                                  C:\Users\SANDEE~1\AppData\Local\Temp\cczPs227.ltrans1.ltrans.o
VectorA8                                          C:\Users\SANDEE~1\AppData\Local\Temp\cczPs227.ltrans0.ltrans.o
                                                  build/obj/vectors.o (symbol from plugin)
                                                  C:\Users\SANDEE~1\AppData\Local\Temp\cczPs227.ltrans1.ltrans.o
VectorAC                                          C:\Users\SANDEE~1\AppData\Local\Temp\cczPs227.ltrans0.ltrans.o
                                                  build/obj/vectors.o (symbol from plugin)
                                                  C:\Users\SANDEE~1\AppData\Local\Temp\cczPs227.ltrans1.ltrans.o
VectorB0                                          C:\Users\SANDEE~1\AppData\Local\Temp\cczPs227.ltrans0.ltrans.o
                                                  build/obj/st_lld.o (symbol from plugin)
                                                  build/obj/vectors.o (symbol from plugin)
                                                  C:\Users\SANDEE~1\AppData\Local\Temp\cczPs227.ltrans1.ltrans.o
VectorB4                                          C:\Users\SANDEE~1\AppData\Local\Temp\cczPs227.ltrans0.ltrans.o
                                                  build/obj/vectors.o (symbol from plugin)
                                                  C:\Users\SANDEE~1\AppData\Local\Temp\cczPs227.ltrans1.ltrans.o
VectorB8                                          C:\Users\SANDEE~1\AppData\Local\Temp\cczPs227.ltrans0.ltrans.o
                                                  build/obj/vectors.o (symbol from plugin)
                                                  C:\Users\SANDEE~1\AppData\Local\Temp\cczPs227.ltrans1.ltrans.o
VectorBC                                          build/obj/i2c_lld.o (symbol from plugin)
                                                  build/obj/vectors.o (symbol from plugin)
VectorC0                                          build/obj/i2c_lld.o (symbol from plugin)
                                                  build/obj/vectors.o (symbol from plugin)
VectorC4                                          C:\Users\SANDEE~1\AppData\Local\Temp\cczPs227.ltrans0.ltrans.o
                                                  build/obj/vectors.o (symbol from plugin)
                                                  C:\Users\SANDEE~1\AppData\Local\Temp\cczPs227.ltrans1.ltrans.o
VectorC8                                          C:\Users\SANDEE~1\AppData\Local\Temp\cczPs227.ltrans0.ltrans.o
                                                  build/obj/vectors.o (symbol from plugin)
                                                  C:\Users\SANDEE~1\AppData\Local\Temp\cczPs227.ltrans1.ltrans.o
VectorCC                                          C:\Users\SANDEE~1\AppData\Local\Temp\cczPs227.ltrans0.ltrans.o
                                                  build/obj/vectors.o (symbol from plugin)
                                                  C:\Users\SANDEE~1\AppData\Local\Temp\cczPs227.ltrans1.ltrans.o
VectorD0                                          C:\Users\SANDEE~1\AppData\Local\Temp\cczPs227.ltrans0.ltrans.o
                                                  build/obj/vectors.o (symbol from plugin)
                                                  C:\Users\SANDEE~1\AppData\Local\Temp\cczPs227.ltrans1.ltrans.o
VectorD4                                          C:\Users\SANDEE~1\AppData\Local\Temp\cczPs227.ltrans0.ltrans.o
                                                  build/obj/vectors.o (symbol from plugin)
                                                  C:\Users\SANDEE~1\AppData\Local\Temp\cczPs227.ltrans1.ltrans.o
VectorD8                                          build/obj/serial_lld.o (symbol from plugin)
                                                  build/obj/vectors.o (symbol from plugin)
VectorDC                                          C:\Users\SANDEE~1\AppData\Local\Temp\cczPs227.ltrans0.ltrans.o
                                                  build/obj/vectors.o (symbol from plugin)
                                                  C:\Users\SANDEE~1\AppData\Local\Temp\cczPs227.ltrans1.ltrans.o
VectorE0                                          C:\Users\SANDEE~1\AppData\Local\Temp\cczPs227.ltrans0.ltrans.o
                                                  build/obj/vectors.o (symbol from plugin)
                                                  C:\Users\SANDEE~1\AppData\Local\Temp\cczPs227.ltrans1.ltrans.o
VectorE4                                          C:\Users\SANDEE~1\AppData\Local\Temp\cczPs227.ltrans0.ltrans.o
                                                  build/obj/vectors.o (symbol from plugin)
                                                  C:\Users\SANDEE~1\AppData\Local\Temp\cczPs227.ltrans1.ltrans.o
VectorE8                                          C:\Users\SANDEE~1\AppData\Local\Temp\cczPs227.ltrans0.ltrans.o
                                                  build/obj/vectors.o (symbol from plugin)
                                                  C:\Users\SANDEE~1\AppData\Local\Temp\cczPs227.ltrans1.ltrans.o
VectorEC                                          C:\Users\SANDEE~1\AppData\Local\Temp\cczPs227.ltrans0.ltrans.o
                                                  build/obj/vectors.o (symbol from plugin)
                                                  C:\Users\SANDEE~1\AppData\Local\Temp\cczPs227.ltrans1.ltrans.o
VectorF0                                          C:\Users\SANDEE~1\AppData\Local\Temp\cczPs227.ltrans0.ltrans.o
                                                  build/obj/vectors.o (symbol from plugin)
                                                  C:\Users\SANDEE~1\AppData\Local\Temp\cczPs227.ltrans1.ltrans.o
VectorF4                                          C:\Users\SANDEE~1\AppData\Local\Temp\cczPs227.ltrans0.ltrans.o
                                                  build/obj/vectors.o (symbol from plugin)
                                                  C:\Users\SANDEE~1\AppData\Local\Temp\cczPs227.ltrans1.ltrans.o
VectorF8                                          C:\Users\SANDEE~1\AppData\Local\Temp\cczPs227.ltrans0.ltrans.o
                                                  build/obj/vectors.o (symbol from plugin)
                                                  C:\Users\SANDEE~1\AppData\Local\Temp\cczPs227.ltrans1.ltrans.o
VectorFC                                          C:\Users\SANDEE~1\AppData\Local\Temp\cczPs227.ltrans0.ltrans.o
                                                  build/obj/stm32_dma.o (symbol from plugin)
                                                  build/obj/vectors.o (symbol from plugin)
                                                  C:\Users\SANDEE~1\AppData\Local\Temp\cczPs227.ltrans1.ltrans.o
__core_init                                       C:\Users\SANDEE~1\AppData\Local\Temp\cczPs227.ltrans0.ltrans.o
                                                  build/obj/crt1.o (symbol from plugin)
                                                  build/obj/crt0_v7m.o
__default_exit                                    C:\Users\SANDEE~1\AppData\Local\Temp\cczPs227.ltrans0.ltrans.o
                                                  build/obj/crt1.o (symbol from plugin)
                                                  build/obj/crt0_v7m.o
__early_init                                      C:\Users\SANDEE~1\AppData\Local\Temp\cczPs227.ltrans1.ltrans.o
                                                  build/obj/board.o (symbol from plugin)
                                                  build/obj/crt1.o (symbol from plugin)
                                                  build/obj/crt0_v7m.o
__fini_array_end                                  build/obj/crt0_v7m.o
__fini_array_start                                build/obj/crt0_v7m.o
__heap_base__                                     C:\Users\SANDEE~1\AppData\Local\Temp\cczPs227.ltrans4.ltrans.o
                                                  build/obj/chmemcore.o (symbol from plugin)
__heap_end__                                      C:\Users\SANDEE~1\AppData\Local\Temp\cczPs227.ltrans4.ltrans.o
                                                  build/obj/chmemcore.o (symbol from plugin)
__init_array_end                                  build/obj/crt0_v7m.o
__init_array_start                                build/obj/crt0_v7m.o
__init_ram_areas                                  C:\Users\SANDEE~1\AppData\Local\Temp\cczPs227.ltrans0.ltrans.o
                                                  build/obj/crt1.o (symbol from plugin)
                                                  build/obj/crt0_v7m.o
__late_init                                       C:\Users\SANDEE~1\AppData\Local\Temp\cczPs227.ltrans0.ltrans.o
                                                  build/obj/crt1.o (symbol from plugin)
                                                  build/obj/crt0_v7m.o
__main_stack_base__                               build/obj/crt0_v7m.o
__main_stack_end__                                C:\Users\SANDEE~1\AppData\Local\Temp\cczPs227.ltrans1.ltrans.o
                                                  build/obj/vectors.o (symbol from plugin)
                                                  build/obj/crt0_v7m.o
__process_stack_base__                            build/obj/crt0_v7m.o
__process_stack_end__                             build/obj/crt0_v7m.o
__ram0_clear__                                    C:\Users\SANDEE~1\AppData\Local\Temp\cczPs227.ltrans0.ltrans.o
                                                  build/obj/crt1.o (symbol from plugin)
__ram0_init__                                     C:\Users\SANDEE~1\AppData\Local\Temp\cczPs227.ltrans0.ltrans.o
                                                  build/obj/crt1.o (symbol from plugin)
__ram0_init_text__                                C:\Users\SANDEE~1\AppData\Local\Temp\cczPs227.ltrans0.ltrans.o
                                                  build/obj/crt1.o (symbol from plugin)
__ram0_noinit__                                   C:\Users\SANDEE~1\AppData\Local\Temp\cczPs227.ltrans0.ltrans.o
                                                  build/obj/crt1.o (symbol from plugin)
__ram1_clear__                                    C:\Users\SANDEE~1\AppData\Local\Temp\cczPs227.ltrans0.ltrans.o
                                                  build/obj/crt1.o (symbol from plugin)
__ram1_init__                                     C:\Users\SANDEE~1\AppData\Local\Temp\cczPs227.ltrans0.ltrans.o
                                                  build/obj/crt1.o (symbol from plugin)
__ram1_init_text__                                C:\Users\SANDEE~1\AppData\Local\Temp\cczPs227.ltrans0.ltrans.o
                                                  build/obj/crt1.o (symbol from plugin)
__ram1_noinit__                                   C:\Users\SANDEE~1\AppData\Local\Temp\cczPs227.ltrans0.ltrans.o
                                                  build/obj/crt1.o (symbol from plugin)
__ram2_clear__                                    C:\Users\SANDEE~1\AppData\Local\Temp\cczPs227.ltrans0.ltrans.o